
Memory Configuration

Name             Origin             Length             Attributes
FLASH            0x0000000008000000 0x0000000000080000 xr
SRAM             0x0000000020000000 0x0000000000020000 xrw
*default*        0x0000000000000000 0xffffffffffffffff

Linker script and memory map

LOAD /tmp/cc61D8TF.o
LOAD /tmp/cc683bLD.o
LOAD /tmp/ccp24YwF.o
START GROUP
LOAD /opt/st/stm32cubeide_1.13.2_2/plugins/com.st.stm32cube.ide.mcu.externaltools.gnu-tools-for-stm32.11.3.rel1.linux64_1.1.1.202309131626/tools/bin/../lib/gcc/arm-none-eabi/11.3.1/thumb/v7e-m+fp/hard/libgcc.a
LOAD /opt/st/stm32cubeide_1.13.2_2/plugins/com.st.stm32cube.ide.mcu.externaltools.gnu-tools-for-stm32.11.3.rel1.linux64_1.1.1.202309131626/tools/bin/../lib/gcc/arm-none-eabi/11.3.1/../../../../arm-none-eabi/lib/thumb/v7e-m+fp/hard/libg.a
LOAD /opt/st/stm32cubeide_1.13.2_2/plugins/com.st.stm32cube.ide.mcu.externaltools.gnu-tools-for-stm32.11.3.rel1.linux64_1.1.1.202309131626/tools/bin/../lib/gcc/arm-none-eabi/11.3.1/../../../../arm-none-eabi/lib/thumb/v7e-m+fp/hard/libc.a
END GROUP

.text           0x0000000008000000      0x810
                0x0000000008000000                _text = .
 *(.isr_vector)
 .isr_vector    0x0000000008000000      0x198 /tmp/ccp24YwF.o
                0x0000000008000000                g_pfnVectors
 *(.text)
 .text          0x0000000008000198       0x74 /tmp/cc61D8TF.o
                0x0000000008000198                main
                0x00000000080001f8                demo_relocatable
 .text          0x000000000800020c      0x57c /tmp/cc683bLD.o
                0x000000000800020c                PLL_Init_84MHZ
                0x0000000008000328                delay
                0x000000000800034a                enable_systick
                0x00000000080003b0                set_systick_timer
                0x000000000800047c                configure_EXTI0_PortA0
                0x0000000008000508                configure_user_button
                0x0000000008000564                enable_LEDs
                0x00000000080005b4                blink_LED
                0x00000000080005c8                toggle_LED
                0x00000000080005f0                SysTick_Handler
                0x0000000008000600                EXTI0_Handler
                0x0000000008000674                initialise_FPU
                0x00000000080006a8                double_word_padding_disable
                0x00000000080006d4                reset_EP0_state_machine
                0x000000000800074c                reset_EP2_state_machine
 .text          0x0000000008000788       0x80 /tmp/ccp24YwF.o
                0x0000000008000788                ResetISR
 *(.rodata)
 .rodata        0x0000000008000808        0x8 /tmp/cc61D8TF.o
                0x0000000008000808                test1
                0x000000000800080c                test2
                0x0000000008000810                _etext = .

.glue_7         0x0000000008000810        0x0
 .glue_7        0x0000000008000810        0x0 linker stubs

.glue_7t        0x0000000008000810        0x0
 .glue_7t       0x0000000008000810        0x0 linker stubs

.vfp11_veneer   0x0000000008000810        0x0
 .vfp11_veneer  0x0000000008000810        0x0 linker stubs

.v4_bx          0x0000000008000810        0x0
 .v4_bx         0x0000000008000810        0x0 linker stubs

.iplt           0x0000000008000810        0x0
 .iplt          0x0000000008000810        0x0 /tmp/cc61D8TF.o

.rel.dyn        0x0000000008000810        0x0
 .rel.iplt      0x0000000008000810        0x0 /tmp/cc61D8TF.o

.data           0x0000000020000000        0x8 load address 0x0000000008000810
                0x0000000020000000                _data = .
 *(.data*)
 .data          0x0000000020000000        0x4 /tmp/cc61D8TF.o
                0x0000000020000000                EP2_polling_rate
 .data          0x0000000020000004        0x0 /tmp/cc683bLD.o
 .data          0x0000000020000004        0x4 /tmp/ccp24YwF.o
                0x0000000020000004                dst
                0x0000000020000008                _edata = .

.igot.plt       0x0000000020000008        0x0 load address 0x0000000008000818
 .igot.plt      0x0000000020000008        0x0 /tmp/cc61D8TF.o

.bss            0x0000000020000008     0x2ba4 load address 0x0000000008000818
                0x0000000020000008                _bss = .
 *(.bss*)
 .bss           0x0000000020000008     0x279c /tmp/cc61D8TF.o
                0x0000000020000008                data_buffer_in
                0x0000000020002718                data_buffer_in_EP2
                0x0000000020002758                test3
                0x000000002000275c                test4
                0x0000000020002760                test5
                0x0000000020002764                EP0_State_Machine
                0x0000000020002788                EP2_State_Machine
 .bss           0x00000000200027a4        0x8 /tmp/cc683bLD.o
                0x00000000200027a4                just_a_random_variable
 .bss           0x00000000200027ac      0x400 /tmp/ccp24YwF.o
 *(COMMON)
                0x0000000020002bac                _ebss = .
OUTPUT(build_example.out elf32-littlearm)
LOAD linker stubs

.debug_info     0x0000000000000000     0x1148
 .debug_info    0x0000000000000000      0x347 /tmp/cc61D8TF.o
 .debug_info    0x0000000000000347      0xc7e /tmp/cc683bLD.o
 .debug_info    0x0000000000000fc5      0x183 /tmp/ccp24YwF.o

.debug_abbrev   0x0000000000000000      0x412
 .debug_abbrev  0x0000000000000000      0x122 /tmp/cc61D8TF.o
 .debug_abbrev  0x0000000000000122      0x1f2 /tmp/cc683bLD.o
 .debug_abbrev  0x0000000000000314       0xfe /tmp/ccp24YwF.o

.debug_aranges  0x0000000000000000       0x60
 .debug_aranges
                0x0000000000000000       0x20 /tmp/cc61D8TF.o
 .debug_aranges
                0x0000000000000020       0x20 /tmp/cc683bLD.o
 .debug_aranges
                0x0000000000000040       0x20 /tmp/ccp24YwF.o

.debug_line     0x0000000000000000      0x4af
 .debug_line    0x0000000000000000       0xd7 /tmp/cc61D8TF.o
 .debug_line    0x00000000000000d7      0x30c /tmp/cc683bLD.o
 .debug_line    0x00000000000003e3       0xcc /tmp/ccp24YwF.o

.debug_str      0x0000000000000000      0x82f
 .debug_str     0x0000000000000000      0x36b /tmp/cc61D8TF.o
                                        0x393 (size before relaxing)
 .debug_str     0x000000000000036b      0x438 /tmp/cc683bLD.o
                                        0x70c (size before relaxing)
 .debug_str     0x00000000000007a3       0x8c /tmp/ccp24YwF.o
                                        0x19d (size before relaxing)

.comment        0x0000000000000000       0x43
 .comment       0x0000000000000000       0x43 /tmp/cc61D8TF.o
                                         0x44 (size before relaxing)
 .comment       0x0000000000000043       0x44 /tmp/cc683bLD.o
 .comment       0x0000000000000043       0x44 /tmp/ccp24YwF.o

.ARM.attributes
                0x0000000000000000       0x32
 .ARM.attributes
                0x0000000000000000       0x32 /tmp/cc61D8TF.o
 .ARM.attributes
                0x0000000000000032       0x32 /tmp/cc683bLD.o
 .ARM.attributes
                0x0000000000000064       0x32 /tmp/ccp24YwF.o

.debug_frame    0x0000000000000000      0x31c
 .debug_frame   0x0000000000000000       0x4c /tmp/cc61D8TF.o
 .debug_frame   0x000000000000004c      0x254 /tmp/cc683bLD.o
 .debug_frame   0x00000000000002a0       0x7c /tmp/ccp24YwF.o
