
Memory Configuration

Name             Origin             Length             Attributes
FLASH            0x0000000008000000 0x0000000000080000 xr
SRAM             0x0000000020000000 0x0000000000020000 xrw
*default*        0x0000000000000000 0xffffffffffffffff

Linker script and memory map

LOAD C:\Users\zeitr\AppData\Local\Temp\ccADhCDj.o
LOAD C:\Users\zeitr\AppData\Local\Temp\cc6qUmcu.o
LOAD C:\Users\zeitr\AppData\Local\Temp\ccw3iyZF.o
START GROUP
LOAD C:/ST/STM32CubeIDE_1.14.0/STM32CubeIDE/plugins/com.st.stm32cube.ide.mcu.externaltools.gnu-tools-for-stm32.11.3.rel1.win32_1.1.100.202309141235/tools/bin/../lib/gcc/arm-none-eabi/11.3.1/thumb/v7e-m+fp/hard\libgcc.a
LOAD C:/ST/STM32CubeIDE_1.14.0/STM32CubeIDE/plugins/com.st.stm32cube.ide.mcu.externaltools.gnu-tools-for-stm32.11.3.rel1.win32_1.1.100.202309141235/tools/bin/../lib/gcc/arm-none-eabi/11.3.1/../../../../arm-none-eabi/lib/thumb/v7e-m+fp/hard\libg.a
LOAD C:/ST/STM32CubeIDE_1.14.0/STM32CubeIDE/plugins/com.st.stm32cube.ide.mcu.externaltools.gnu-tools-for-stm32.11.3.rel1.win32_1.1.100.202309141235/tools/bin/../lib/gcc/arm-none-eabi/11.3.1/../../../../arm-none-eabi/lib/thumb/v7e-m+fp/hard\libc.a
END GROUP

.text           0x0000000008000000      0x844
                0x0000000008000000                _text = .
 *(.isr_vector)
 .isr_vector    0x0000000008000000      0x198 C:\Users\zeitr\AppData\Local\Temp\ccw3iyZF.o
                0x0000000008000000                g_pfnVectors
 *(.text)
 .text          0x0000000008000198       0x60 C:\Users\zeitr\AppData\Local\Temp\ccADhCDj.o
                0x0000000008000198                main
                0x00000000080001e4                demo_relocatable
 .text          0x00000000080001f8      0x5c4 C:\Users\zeitr\AppData\Local\Temp\cc6qUmcu.o
                0x00000000080001f8                PLL_Init_84MHZ
                0x0000000008000314                delay
                0x0000000008000336                enable_systick
                0x000000000800039c                configure_EXTI0_PortA0
                0x0000000008000428                configure_user_button
                0x0000000008000484                enable_LEDs
                0x00000000080004d4                blink_LED
                0x00000000080004e8                toggle_LED
                0x0000000008000510                SysTick_Handler
                0x0000000008000520                Change_SysCLK
                0x0000000008000630                EXTI0_Handler
                0x00000000080006a8                initialise_FPU
                0x00000000080006dc                double_word_padding_disable
                0x0000000008000708                reset_EP0_state_machine
                0x0000000008000780                reset_EP2_state_machine
 .text          0x00000000080007bc       0x80 C:\Users\zeitr\AppData\Local\Temp\ccw3iyZF.o
                0x00000000080007bc                ResetISR
 *(.rodata)
 .rodata        0x000000000800083c        0x8 C:\Users\zeitr\AppData\Local\Temp\ccADhCDj.o
                0x000000000800083c                test1
                0x0000000008000840                test2
                0x0000000008000844                _etext = .

.glue_7         0x0000000008000844        0x0
 .glue_7        0x0000000008000844        0x0 linker stubs

.glue_7t        0x0000000008000844        0x0
 .glue_7t       0x0000000008000844        0x0 linker stubs

.vfp11_veneer   0x0000000008000844        0x0
 .vfp11_veneer  0x0000000008000844        0x0 linker stubs

.v4_bx          0x0000000008000844        0x0
 .v4_bx         0x0000000008000844        0x0 linker stubs

.iplt           0x0000000008000844        0x0
 .iplt          0x0000000008000844        0x0 C:\Users\zeitr\AppData\Local\Temp\ccADhCDj.o

.rel.dyn        0x0000000008000844        0x0
 .rel.iplt      0x0000000008000844        0x0 C:\Users\zeitr\AppData\Local\Temp\ccADhCDj.o

.data           0x0000000020000000        0xc load address 0x0000000008000844
                0x0000000020000000                _data = .
 *(.data*)
 .data          0x0000000020000000        0x5 C:\Users\zeitr\AppData\Local\Temp\ccADhCDj.o
                0x0000000020000000                EP2_polling_rate
                0x0000000020000004                test0
 .data          0x0000000020000005        0x0 C:\Users\zeitr\AppData\Local\Temp\cc6qUmcu.o
 *fill*         0x0000000020000005        0x3 
 .data          0x0000000020000008        0x4 C:\Users\zeitr\AppData\Local\Temp\ccw3iyZF.o
                0x0000000020000008                dst
                0x000000002000000c                _edata = .

.igot.plt       0x000000002000000c        0x0 load address 0x0000000008000850
 .igot.plt      0x000000002000000c        0x0 C:\Users\zeitr\AppData\Local\Temp\ccADhCDj.o

.bss            0x000000002000000c     0x2ba0 load address 0x0000000008000850
                0x000000002000000c                _bss = .
 *(.bss*)
 .bss           0x000000002000000c     0x279c C:\Users\zeitr\AppData\Local\Temp\ccADhCDj.o
                0x000000002000000c                data_buffer_in
                0x000000002000271c                data_buffer_in_EP2
                0x000000002000275c                test3
                0x0000000020002760                test4
                0x0000000020002764                test5
                0x0000000020002768                EP0_State_Machine
                0x000000002000278c                EP2_State_Machine
 .bss           0x00000000200027a8        0x4 C:\Users\zeitr\AppData\Local\Temp\cc6qUmcu.o
                0x00000000200027a8                just_a_random_variable
 .bss           0x00000000200027ac      0x400 C:\Users\zeitr\AppData\Local\Temp\ccw3iyZF.o
 *(COMMON)
                0x0000000020002bac                _ebss = .
OUTPUT(build_example.out elf32-littlearm)
LOAD linker stubs

.debug_info     0x0000000000000000     0x1113
 .debug_info    0x0000000000000000      0x30d C:\Users\zeitr\AppData\Local\Temp\ccADhCDj.o
 .debug_info    0x000000000000030d      0xc83 C:\Users\zeitr\AppData\Local\Temp\cc6qUmcu.o
 .debug_info    0x0000000000000f90      0x183 C:\Users\zeitr\AppData\Local\Temp\ccw3iyZF.o

.debug_abbrev   0x0000000000000000      0x427
 .debug_abbrev  0x0000000000000000      0x120 C:\Users\zeitr\AppData\Local\Temp\ccADhCDj.o
 .debug_abbrev  0x0000000000000120      0x209 C:\Users\zeitr\AppData\Local\Temp\cc6qUmcu.o
 .debug_abbrev  0x0000000000000329       0xfe C:\Users\zeitr\AppData\Local\Temp\ccw3iyZF.o

.debug_aranges  0x0000000000000000       0x60
 .debug_aranges
                0x0000000000000000       0x20 C:\Users\zeitr\AppData\Local\Temp\ccADhCDj.o
 .debug_aranges
                0x0000000000000020       0x20 C:\Users\zeitr\AppData\Local\Temp\cc6qUmcu.o
 .debug_aranges
                0x0000000000000040       0x20 C:\Users\zeitr\AppData\Local\Temp\ccw3iyZF.o

.debug_line     0x0000000000000000      0x510
 .debug_line    0x0000000000000000       0xc4 C:\Users\zeitr\AppData\Local\Temp\ccADhCDj.o
 .debug_line    0x00000000000000c4      0x380 C:\Users\zeitr\AppData\Local\Temp\cc6qUmcu.o
 .debug_line    0x0000000000000444       0xcc C:\Users\zeitr\AppData\Local\Temp\ccw3iyZF.o

.debug_str      0x0000000000000000      0x7fc
 .debug_str     0x0000000000000000      0x306 C:\Users\zeitr\AppData\Local\Temp\ccADhCDj.o
                                        0x328 (size before relaxing)
 .debug_str     0x0000000000000306      0x46a C:\Users\zeitr\AppData\Local\Temp\cc6qUmcu.o
                                        0x6e8 (size before relaxing)
 .debug_str     0x0000000000000770       0x8c C:\Users\zeitr\AppData\Local\Temp\ccw3iyZF.o
                                        0x184 (size before relaxing)

.comment        0x0000000000000000       0x43
 .comment       0x0000000000000000       0x43 C:\Users\zeitr\AppData\Local\Temp\ccADhCDj.o
                                         0x44 (size before relaxing)
 .comment       0x0000000000000043       0x44 C:\Users\zeitr\AppData\Local\Temp\cc6qUmcu.o
 .comment       0x0000000000000043       0x44 C:\Users\zeitr\AppData\Local\Temp\ccw3iyZF.o

.ARM.attributes
                0x0000000000000000       0x32
 .ARM.attributes
                0x0000000000000000       0x32 C:\Users\zeitr\AppData\Local\Temp\ccADhCDj.o
 .ARM.attributes
                0x0000000000000032       0x32 C:\Users\zeitr\AppData\Local\Temp\cc6qUmcu.o
 .ARM.attributes
                0x0000000000000064       0x32 C:\Users\zeitr\AppData\Local\Temp\ccw3iyZF.o

.debug_frame    0x0000000000000000      0x318
 .debug_frame   0x0000000000000000       0x4c C:\Users\zeitr\AppData\Local\Temp\ccADhCDj.o
 .debug_frame   0x000000000000004c      0x250 C:\Users\zeitr\AppData\Local\Temp\cc6qUmcu.o
 .debug_frame   0x000000000000029c       0x7c C:\Users\zeitr\AppData\Local\Temp\ccw3iyZF.o
