
Memory Configuration

Name             Origin             Length             Attributes
FLASH            0x0000000008000000 0x0000000000080000 xr
SRAM             0x0000000020000000 0x0000000000020000 xrw
*default*        0x0000000000000000 0xffffffffffffffff

Linker script and memory map

LOAD /tmp/cc8Qb9gQ.o
LOAD /tmp/ccTJsuGO.o
LOAD /tmp/ccZiZ48P.o
START GROUP
LOAD /opt/st/stm32cubeide_1.13.2_2/plugins/com.st.stm32cube.ide.mcu.externaltools.gnu-tools-for-stm32.11.3.rel1.linux64_1.1.1.202309131626/tools/bin/../lib/gcc/arm-none-eabi/11.3.1/thumb/v7e-m+fp/hard/libgcc.a
LOAD /opt/st/stm32cubeide_1.13.2_2/plugins/com.st.stm32cube.ide.mcu.externaltools.gnu-tools-for-stm32.11.3.rel1.linux64_1.1.1.202309131626/tools/bin/../lib/gcc/arm-none-eabi/11.3.1/../../../../arm-none-eabi/lib/thumb/v7e-m+fp/hard/libg.a
LOAD /opt/st/stm32cubeide_1.13.2_2/plugins/com.st.stm32cube.ide.mcu.externaltools.gnu-tools-for-stm32.11.3.rel1.linux64_1.1.1.202309131626/tools/bin/../lib/gcc/arm-none-eabi/11.3.1/../../../../arm-none-eabi/lib/thumb/v7e-m+fp/hard/libc.a
END GROUP

.text           0x0000000008000000      0x814
                0x0000000008000000                _text = .
 *(.isr_vector)
 .isr_vector    0x0000000008000000      0x198 /tmp/ccZiZ48P.o
                0x0000000008000000                g_pfnVectors
 *(.text)
 .text          0x0000000008000198       0x78 /tmp/cc8Qb9gQ.o
                0x0000000008000198                main
                0x00000000080001fc                demo_relocatable
 .text          0x0000000008000210      0x57c /tmp/ccTJsuGO.o
                0x0000000008000210                PLL_Init_84MHZ
                0x000000000800032c                delay
                0x000000000800034e                enable_systick
                0x00000000080003b4                set_systick_timer
                0x0000000008000480                configure_EXTI0_PortA0
                0x000000000800050c                configure_user_button
                0x0000000008000568                enable_LEDs
                0x00000000080005b8                blink_LED
                0x00000000080005cc                toggle_LED
                0x00000000080005f4                SysTick_Handler
                0x0000000008000604                EXTI0_Handler
                0x0000000008000678                initialise_FPU
                0x00000000080006ac                double_word_padding_disable
                0x00000000080006d8                reset_EP0_state_machine
                0x0000000008000750                reset_EP2_state_machine
 .text          0x000000000800078c       0x80 /tmp/ccZiZ48P.o
                0x000000000800078c                ResetISR
 *(.rodata)
 .rodata        0x000000000800080c        0x8 /tmp/cc8Qb9gQ.o
                0x000000000800080c                test1
                0x0000000008000810                test2
                0x0000000008000814                _etext = .

.glue_7         0x0000000008000814        0x0
 .glue_7        0x0000000008000814        0x0 linker stubs

.glue_7t        0x0000000008000814        0x0
 .glue_7t       0x0000000008000814        0x0 linker stubs

.vfp11_veneer   0x0000000008000814        0x0
 .vfp11_veneer  0x0000000008000814        0x0 linker stubs

.v4_bx          0x0000000008000814        0x0
 .v4_bx         0x0000000008000814        0x0 linker stubs

.iplt           0x0000000008000814        0x0
 .iplt          0x0000000008000814        0x0 /tmp/cc8Qb9gQ.o

.rel.dyn        0x0000000008000814        0x0
 .rel.iplt      0x0000000008000814        0x0 /tmp/cc8Qb9gQ.o

.data           0x0000000020000000        0x8 load address 0x0000000008000814
                0x0000000020000000                _data = .
 *(.data*)
 .data          0x0000000020000000        0x4 /tmp/cc8Qb9gQ.o
                0x0000000020000000                EP2_polling_rate
 .data          0x0000000020000004        0x0 /tmp/ccTJsuGO.o
 .data          0x0000000020000004        0x4 /tmp/ccZiZ48P.o
                0x0000000020000004                dst
                0x0000000020000008                _edata = .

.igot.plt       0x0000000020000008        0x0 load address 0x000000000800081c
 .igot.plt      0x0000000020000008        0x0 /tmp/cc8Qb9gQ.o

.bss            0x0000000020000008     0x2ba4 load address 0x000000000800081c
                0x0000000020000008                _bss = .
 *(.bss*)
 .bss           0x0000000020000008     0x279c /tmp/cc8Qb9gQ.o
                0x0000000020000008                data_buffer_in
                0x0000000020002718                data_buffer_in_EP2
                0x0000000020002758                test3
                0x000000002000275c                test4
                0x0000000020002760                test5
                0x0000000020002764                EP0_State_Machine
                0x0000000020002788                EP2_State_Machine
 .bss           0x00000000200027a4        0x8 /tmp/ccTJsuGO.o
                0x00000000200027a4                just_a_random_variable
 .bss           0x00000000200027ac      0x400 /tmp/ccZiZ48P.o
 *(COMMON)
                0x0000000020002bac                _ebss = .
OUTPUT(build_example.out elf32-littlearm)
LOAD linker stubs

.debug_info     0x0000000000000000     0x114e
 .debug_info    0x0000000000000000      0x34d /tmp/cc8Qb9gQ.o
 .debug_info    0x000000000000034d      0xc7e /tmp/ccTJsuGO.o
 .debug_info    0x0000000000000fcb      0x183 /tmp/ccZiZ48P.o

.debug_abbrev   0x0000000000000000      0x42e
 .debug_abbrev  0x0000000000000000      0x13e /tmp/cc8Qb9gQ.o
 .debug_abbrev  0x000000000000013e      0x1f2 /tmp/ccTJsuGO.o
 .debug_abbrev  0x0000000000000330       0xfe /tmp/ccZiZ48P.o

.debug_aranges  0x0000000000000000       0x60
 .debug_aranges
                0x0000000000000000       0x20 /tmp/cc8Qb9gQ.o
 .debug_aranges
                0x0000000000000020       0x20 /tmp/ccTJsuGO.o
 .debug_aranges
                0x0000000000000040       0x20 /tmp/ccZiZ48P.o

.debug_line     0x0000000000000000      0x4af
 .debug_line    0x0000000000000000       0xd7 /tmp/cc8Qb9gQ.o
 .debug_line    0x00000000000000d7      0x30c /tmp/ccTJsuGO.o
 .debug_line    0x00000000000003e3       0xcc /tmp/ccZiZ48P.o

.debug_str      0x0000000000000000      0x82f
 .debug_str     0x0000000000000000      0x36e /tmp/cc8Qb9gQ.o
                                        0x396 (size before relaxing)
 .debug_str     0x000000000000036e      0x435 /tmp/ccTJsuGO.o
                                        0x70c (size before relaxing)
 .debug_str     0x00000000000007a3       0x8c /tmp/ccZiZ48P.o
                                        0x19d (size before relaxing)

.comment        0x0000000000000000       0x43
 .comment       0x0000000000000000       0x43 /tmp/cc8Qb9gQ.o
                                         0x44 (size before relaxing)
 .comment       0x0000000000000043       0x44 /tmp/ccTJsuGO.o
 .comment       0x0000000000000043       0x44 /tmp/ccZiZ48P.o

.ARM.attributes
                0x0000000000000000       0x32
 .ARM.attributes
                0x0000000000000000       0x32 /tmp/cc8Qb9gQ.o
 .ARM.attributes
                0x0000000000000032       0x32 /tmp/ccTJsuGO.o
 .ARM.attributes
                0x0000000000000064       0x32 /tmp/ccZiZ48P.o

.debug_frame    0x0000000000000000      0x31c
 .debug_frame   0x0000000000000000       0x4c /tmp/cc8Qb9gQ.o
 .debug_frame   0x000000000000004c      0x254 /tmp/ccTJsuGO.o
 .debug_frame   0x00000000000002a0       0x7c /tmp/ccZiZ48P.o
